59
203
UBBBBBBBBBBBBBBBBBBBBBBBBBBBBBBBBBBBBBBBBBBBBBBBBB9BBBBBBBBBBBBBBBBBBBBBBBBBBBBBBBBBBBBBBBBBBBBBBBB9BBBBBBBBBBBBBBBBBBBBBBBBBBBBBBBBBBBBBBBBBBBBBBBBBBBB9BBBBBBBBBBBBBBBBBBBBBBBBBBBBBBBBBBBBBBBBBBBBBBBBBM
A x                    A                          A                                                A                                                    A                          A                     xA
A   x                  A     s                    A  __      ____  _  _  ____  ____  ____  ____    A     ___  _____  ____  ____  ____  ____        __   A                     e    A                   x  A
A     x                A     1                    A / / ___ ( ___)( \( )(_  _)(  _ \( ___)( ___)   A    / __)(  _  )(  _ \(_  _)(_  _)( ___)   ___ \ \  A                     1    A                 x    A
A       x              A     1                    A< < (___) )__)  )  (   )(   )   / )__)  )__)    A    \__ \ )(_)(  )   /  )(   _)(_  )__)   (___) > > A                     1    A               x      A
A         x            A     1                    A \_\     (____)(_)\_) (__) (_)\_)(____)(____)   A    (___/(_____)(_)\_) (__) (____)(____)       /_/  A                     1    A             x        A
A           x          A     1                    A                                                A                                                    A                     1    A           x          A
A            UBBBBBBBBBL     1                    KBBBBBBBBBBBBBBBBBBBBBBBBBBBBBBBBBBBBBBBBBBBBBBBBRBBBBBBBBBBBBBBBBBBBBBBBBBBBBBBBBBBBBBBBBBBBBBBBBBBBBL                     1    KBBBBBBBBBBM           A
A            A               1                                                                                                                                                1               A           A
A            A               1                              d11111111111111111111111111111111l                d1111111111111111111111111111111l                               1               A           A
A            GB9BBBBBBBB     1                              1     BBBBBBBB9B9B9BBBBBBBB      1                1     BBBBBBBB9B9B9BBBBBBBB     1                               1     BBBBBBBB9BA           A
A            AsA 1111111111112                              1111111111111 AsAsA 11111111111112                1111111111111 AsAsA 1111111111112                               1111111111111 AsA           A
A            GB6BBBBBBBB     1                              1     BBBBBBBB6B6B6BBBBBBBB      1                1     BBBBBBBB6B6B6BBBBBBBB     1                               1     BBBBBBBB6B3           A
A            AsA 1111111111112                              1111111111111 AsAsA 11111111111112                1111111111111 AsAsA 1111111111112                               1111111111111 AsA           A
A            GB6BBBBBBBB     1                              1     BBBBBBBB6B6B6BBBBBBBB      1                1     BBBBBBBB6B6B6BBBBBBBB     1                               1     BBBBBBBB6B3           A
A            AsA 1111111111112                              1111111111111 AsAsA 11111111111112                1111111111111 AsAsA 1111111111112                               1111111111111 AsA           A
A            GB6BBBBBBBB     1                              1     BBBBBBBB6B6B6BBBBBBBB      1                1     BBBBBBBB6B6B6BBBBBBBB     1                               1     BBBBBBBB6B3           A
A            AsA 1111111111112                              1111111111111 AsAsA 11111111111112                1111111111111 AsAsA 1111111111112                               1111111111111 AsA           A
A            GB6BBBBBBBB     1                              1     BBBBBBBB6B6B6BBBBBBBB      1                1     BBBBBBBB6B6B6BBBBBBBB     1                               1     BBBBBBBB6B3           A
A            AsA 1111111111112                              1111111111111 AsAsA 11111111111112                1111111111111 AsAsA 1111111111112                               1111111111111 AsA           A
A            GB6BBBBBBBB     1                              1     BBBBBBBB6B6B6BBBBBBBB      1                1     BBBBBBBB6B6B6BBBBBBBB     1                               1     BBBBBBBB6B3           A
A            AsA 1111111111112                              1111111111111 AsAsA 11111111111112                1111111111111 AsAsA 1111111111112                               1111111111111 AsA           A
A            GB6BBBBBBBB     1                              1     BBBBBBBB6B6B6BBBBBBBB      1                1     BBBBBBBB6B6B6BBBBBBBB     1                               1     BBBBBBBB6B3           A
A            AsA 1111111111112                              1111111111111 AsAsA 11111111111112                1111111111111 AsAsA 1111111111112                               1111111111111 AsA           A
A            GB6BBBBBBBB     1                              1     BBBBBBBB6B6B6BBBBBBBB      1                1     BBBBBBBB6B6B6BBBBBBBB     1                               1     BBBBBBBB6B3           A
A            AsA 1111111111112                              1111111111111 AsAsA 11111111111112                1111111111111 AsAsA 1111111111112                               1111111111111 AsA           A
A            GB6BBBBBBBB     1                              1     BBBBBBBB6B6B6BBBBBBBB      1                1     BBBBBBBB6B6B6BBBBBBBB     1                               1     BBBBBBBB6B3           A
A            AsA 1111111111112                              1111111111111 AsAsA 11111111111112                1111111111111 AsAsA 1111111111112                               1111111111111 AsA           A
A            GB6BBBBBBBB     1                              1     BBBBBBBB6B6B6BBBBBBBB      1                1     BBBBBBBB6B6B6BBBBBBBB     1                               1     BBBBBBBB6B3           A
A            AsA 1111111111112                              1111111111111 AsAsA 11111111111112                1111111111111 AsAsA 1111111111111                               1111111111111 AsA           A
A            GBRBBBBBBBB     1                              1     BBBBBBBBRBRBRBBBBBBBB      1                1     BBBBBBBBRBRBRBBBBBBBB     1                               1     BBBBBBBBRB3           A
A            A               1                              1                                1                1                               1                               1               A           A
A            A               d111111111111111111111111111111h                                d1111111111111111h                               d1111111111111111111111111111111h               A           A
A            A                                                                                                                                                                                A           A
A            KBBBBBBBBBBBBBBBBBBBBBBBBBBBBBBBBBBBBBBBBBBBBBBBBBBBBBBBBBBBBBBBBBBBBBBBBBBBBBBBBBBBBBBBBBBBBBBBBBBBBBBBBBBBBBBBBBBBBBBBBBBBBBBBBBBBBBBBBBBBBBBBBBBBBBBBBBBBBBBBBBBBBBBBBBBBBBBBBL           A
A          x                                                                                                                                                                                   x          A
A        x                                                                                                                                                                                       x        A
A      x                                                                                                                                                                                           x      A
A    x                                                                                                                                                                                               x    A
A  x                                                                                                                                                                                                   x  A
Ax                                                                                                                                                                                                       xA
KBBBBBBBBBBBBBBBBBBBBBBBBBBBBBBBBBBBBBBBBBBBBBBBBBBBBBBBBBBBBBBBBBBBBBBBBBBBBBBBBBBBBBBBBBBBBBBBBBBBBBBBBBBBBBBBBBBBBBBBBBBBBBBBBBBBBBBBBBBBBBBBBBBBBBBBBBBBBBBBBBBBBBBBBBBBBBBBBBBBBBBBBBBBBBBBBBBBBBBBBBL
